Archive member included because of file (symbol)

c:/winavr-20100110/bin/../lib/gcc/avr/4.3.3/avr5\libgcc.a(_udivmodsi4.o)
                              ./MUART_program.o (__udivmodsi4)
c:/winavr-20100110/bin/../lib/gcc/avr/4.3.3/avr5\libgcc.a(_exit.o)
                              c:/winavr-20100110/bin/../lib/gcc/avr/4.3.3/../../../../avr/lib/avr5/crtm32.o (exit)
c:/winavr-20100110/bin/../lib/gcc/avr/4.3.3/avr5\libgcc.a(_clear_bss.o)
                              ./MUART_program.o (__do_clear_bss)

Memory Configuration

Name             Origin             Length             Attributes
text             0x00000000         0x00020000         xr
data             0x00800060         0x0000ffa0         rw !x
eeprom           0x00810000         0x00010000         rw !x
fuse             0x00820000         0x00000400         rw !x
lock             0x00830000         0x00000400         rw !x
signature        0x00840000         0x00000400         rw !x
*default*        0x00000000         0xffffffff

Linker script and memory map

LOAD c:/winavr-20100110/bin/../lib/gcc/avr/4.3.3/../../../../avr/lib/avr5/crtm32.o
LOAD ./MDIO_program.o
LOAD ./MGIE_pogram.o
LOAD ./MUART_program.o
LOAD ./main.o
LOAD c:/winavr-20100110/bin/../lib/gcc/avr/4.3.3/avr5\libgcc.a
LOAD c:/winavr-20100110/bin/../lib/gcc/avr/4.3.3/../../../../avr/lib/avr5\libc.a
LOAD c:/winavr-20100110/bin/../lib/gcc/avr/4.3.3/avr5\libgcc.a

.hash
 *(.hash)

.dynsym
 *(.dynsym)

.dynstr
 *(.dynstr)

.gnu.version
 *(.gnu.version)

.gnu.version_d
 *(.gnu.version_d)

.gnu.version_r
 *(.gnu.version_r)

.rel.init
 *(.rel.init)

.rela.init
 *(.rela.init)

.rel.text
 *(.rel.text)
 *(.rel.text.*)
 *(.rel.gnu.linkonce.t*)

.rela.text
 *(.rela.text)
 *(.rela.text.*)
 *(.rela.gnu.linkonce.t*)

.rel.fini
 *(.rel.fini)

.rela.fini
 *(.rela.fini)

.rel.rodata
 *(.rel.rodata)
 *(.rel.rodata.*)
 *(.rel.gnu.linkonce.r*)

.rela.rodata
 *(.rela.rodata)
 *(.rela.rodata.*)
 *(.rela.gnu.linkonce.r*)

.rel.data
 *(.rel.data)
 *(.rel.data.*)
 *(.rel.gnu.linkonce.d*)

.rela.data
 *(.rela.data)
 *(.rela.data.*)
 *(.rela.gnu.linkonce.d*)

.rel.ctors
 *(.rel.ctors)

.rela.ctors
 *(.rela.ctors)

.rel.dtors
 *(.rel.dtors)

.rela.dtors
 *(.rela.dtors)

.rel.got
 *(.rel.got)

.rela.got
 *(.rela.got)

.rel.bss
 *(.rel.bss)

.rela.bss
 *(.rela.bss)

.rel.plt
 *(.rel.plt)

.rela.plt
 *(.rela.plt)

.text           0x00000000     0x1114
 *(.vectors)
 .vectors       0x00000000       0x54 c:/winavr-20100110/bin/../lib/gcc/avr/4.3.3/../../../../avr/lib/avr5/crtm32.o
                0x00000000                __vectors
                0x00000000                __vector_default
 *(.vectors)
 *(.progmem.gcc*)
 *(.progmem*)
                0x00000054                . = ALIGN (0x2)
                0x00000054                __trampolines_start = .
 *(.trampolines)
 .trampolines   0x00000054        0x0 linker stubs
 *(.trampolines*)
                0x00000054                __trampolines_end = .
 *(.jumptables)
 *(.jumptables*)
 *(.lowtext)
 *(.lowtext*)
                0x00000054                __ctors_start = .
 *(.ctors)
                0x00000054                __ctors_end = .
                0x00000054                __dtors_start = .
 *(.dtors)
                0x00000054                __dtors_end = .
 SORT(*)(.ctors)
 SORT(*)(.dtors)
 *(.init0)
 .init0         0x00000054        0x0 c:/winavr-20100110/bin/../lib/gcc/avr/4.3.3/../../../../avr/lib/avr5/crtm32.o
                0x00000054                __init
 *(.init0)
 *(.init1)
 *(.init1)
 *(.init2)
 .init2         0x00000054        0xc c:/winavr-20100110/bin/../lib/gcc/avr/4.3.3/../../../../avr/lib/avr5/crtm32.o
 *(.init2)
 *(.init3)
 *(.init3)
 *(.init4)
 .init4         0x00000060       0x10 c:/winavr-20100110/bin/../lib/gcc/avr/4.3.3/avr5\libgcc.a(_clear_bss.o)
                0x00000060                __do_clear_bss
 *(.init4)
 *(.init5)
 *(.init5)
 *(.init6)
 *(.init6)
 *(.init7)
 *(.init7)
 *(.init8)
 *(.init8)
 *(.init9)
 .init9         0x00000070        0x8 c:/winavr-20100110/bin/../lib/gcc/avr/4.3.3/../../../../avr/lib/avr5/crtm32.o
 *(.init9)
 *(.text)
 .text          0x00000078        0x4 c:/winavr-20100110/bin/../lib/gcc/avr/4.3.3/../../../../avr/lib/avr5/crtm32.o
                0x00000078                __vector_1
                0x00000078                __vector_12
                0x00000078                __bad_interrupt
                0x00000078                __vector_6
                0x00000078                __vector_3
                0x00000078                __vector_11
                0x00000078                __vector_17
                0x00000078                __vector_19
                0x00000078                __vector_7
                0x00000078                __vector_5
                0x00000078                __vector_4
                0x00000078                __vector_9
                0x00000078                __vector_2
                0x00000078                __vector_8
                0x00000078                __vector_10
                0x00000078                __vector_16
                0x00000078                __vector_18
                0x00000078                __vector_20
 .text          0x0000007c        0x0 ./MDIO_program.o
 .text          0x0000007c        0x0 ./MGIE_pogram.o
 .text          0x0000007c        0x0 ./MUART_program.o
 .text          0x0000007c        0x0 ./main.o
 .text          0x0000007c        0x0 c:/winavr-20100110/bin/../lib/gcc/avr/4.3.3/avr5\libgcc.a(_udivmodsi4.o)
 .text          0x0000007c        0x0 c:/winavr-20100110/bin/../lib/gcc/avr/4.3.3/avr5\libgcc.a(_exit.o)
 .text          0x0000007c        0x0 c:/winavr-20100110/bin/../lib/gcc/avr/4.3.3/avr5\libgcc.a(_clear_bss.o)
                0x0000007c                . = ALIGN (0x2)
 *(.text.*)
 .text.MDIO_stderrSetPortDirection
                0x0000007c       0x92 ./MDIO_program.o
                0x0000007c                MDIO_stderrSetPortDirection
 .text.MDIO_stderrSetPortValue
                0x0000010e       0x92 ./MDIO_program.o
                0x0000010e                MDIO_stderrSetPortValue
 .text.MDIO_stderrGetPortValue
                0x000001a0       0xa6 ./MDIO_program.o
                0x000001a0                MDIO_stderrGetPortValue
 .text.MDIO_stderrSetPinDirection
                0x00000246      0x3ee ./MDIO_program.o
                0x00000246                MDIO_stderrSetPinDirection
 .text.MDIO_stderrSetPinValue
                0x00000634      0x24a ./MDIO_program.o
                0x00000634                MDIO_stderrSetPinValue
 .text.MDIO_stderrGetPinValue
                0x0000087e      0x134 ./MDIO_program.o
                0x0000087e                MDIO_stderrGetPinValue
 .text.MDIO_stderrTogglePinValue
                0x000009b2      0x12a ./MDIO_program.o
                0x000009b2                MDIO_stderrTogglePinValue
 .text.MGIE_voidEnable
                0x00000adc       0x1c ./MGIE_pogram.o
                0x00000adc                MGIE_voidEnable
 .text.MGIE_voidDisable
                0x00000af8       0x1c ./MGIE_pogram.o
                0x00000af8                MGIE_voidDisable
 .text.MUART_stderrInit
                0x00000b14      0x112 ./MUART_program.o
                0x00000b14                MUART_stderrInit
 .text.MUART_voidEnableTX
                0x00000c26       0x1c ./MUART_program.o
                0x00000c26                MUART_voidEnableTX
 .text.MUART_voidDisableTX
                0x00000c42       0x1c ./MUART_program.o
                0x00000c42                MUART_voidDisableTX
 .text.MUART_voidEnableRX
                0x00000c5e       0x1c ./MUART_program.o
                0x00000c5e                MUART_voidEnableRX
 .text.MUART_voidDisableRX
                0x00000c7a       0x20 ./MUART_program.o
                0x00000c7a                MUART_voidDisableRX
 .text.MUART_voidTxFlagPolling
                0x00000c9a       0x28 ./MUART_program.o
                0x00000c9a                MUART_voidTxFlagPolling
 .text.MUART_voidRXFlagPolling
                0x00000cc2       0x18 ./MUART_program.o
                0x00000cc2                MUART_voidRXFlagPolling
 .text.MUART_voidUDREFlagPolling
                0x00000cda       0x26 ./MUART_program.o
                0x00000cda                MUART_voidUDREFlagPolling
 .text.MUART_voidSendChar
                0x00000d00       0x20 ./MUART_program.o
                0x00000d00                MUART_voidSendChar
 .text.MUART_voidSendString
                0x00000d20       0x6a ./MUART_program.o
                0x00000d20                MUART_voidSendString
 .text.MUART_charReceiveChar
                0x00000d8a       0x18 ./MUART_program.o
                0x00000d8a                MUART_charReceiveChar
 .text.MUART_voidReceiveStringUntil
                0x00000da2       0x90 ./MUART_program.o
                0x00000da2                MUART_voidReceiveStringUntil
 .text.MUART_stderrEnableInterrupt
                0x00000e32       0x52 ./MUART_program.o
                0x00000e32                MUART_stderrEnableInterrupt
 .text.MUART_stderrDisableInterrupt
                0x00000e84       0x54 ./MUART_program.o
                0x00000e84                MUART_stderrDisableInterrupt
 .text.MUART_stderrSetCallback
                0x00000ed8       0x82 ./MUART_program.o
                0x00000ed8                MUART_stderrSetCallback
 .text.__vector_13
                0x00000f5a       0x5a ./MUART_program.o
                0x00000f5a                __vector_13
 .text.__vector_14
                0x00000fb4       0x5a ./MUART_program.o
                0x00000fb4                __vector_14
 .text.__vector_15
                0x0000100e       0x5a ./MUART_program.o
                0x0000100e                __vector_15
 .text.main     0x00001068       0x64 ./main.o
                0x00001068                main
 .text.libgcc   0x000010cc       0x44 c:/winavr-20100110/bin/../lib/gcc/avr/4.3.3/avr5\libgcc.a(_udivmodsi4.o)
                0x000010cc                __udivmodsi4
 .text.libgcc   0x00001110        0x0 c:/winavr-20100110/bin/../lib/gcc/avr/4.3.3/avr5\libgcc.a(_exit.o)
 .text.libgcc   0x00001110        0x0 c:/winavr-20100110/bin/../lib/gcc/avr/4.3.3/avr5\libgcc.a(_clear_bss.o)
                0x00001110                . = ALIGN (0x2)
 *(.fini9)
 .fini9         0x00001110        0x0 c:/winavr-20100110/bin/../lib/gcc/avr/4.3.3/avr5\libgcc.a(_exit.o)
                0x00001110                exit
                0x00001110                _exit
 *(.fini9)
 *(.fini8)
 *(.fini8)
 *(.fini7)
 *(.fini7)
 *(.fini6)
 *(.fini6)
 *(.fini5)
 *(.fini5)
 *(.fini4)
 *(.fini4)
 *(.fini3)
 *(.fini3)
 *(.fini2)
 *(.fini2)
 *(.fini1)
 *(.fini1)
 *(.fini0)
 .fini0         0x00001110        0x4 c:/winavr-20100110/bin/../lib/gcc/avr/4.3.3/avr5\libgcc.a(_exit.o)
 *(.fini0)
                0x00001114                _etext = .

.data           0x00800060        0x0 load address 0x00001114
                0x00800060                PROVIDE (__data_start, .)
 *(.data)
 .data          0x00800060        0x0 c:/winavr-20100110/bin/../lib/gcc/avr/4.3.3/../../../../avr/lib/avr5/crtm32.o
 .data          0x00800060        0x0 ./MDIO_program.o
 .data          0x00800060        0x0 ./MGIE_pogram.o
 .data          0x00800060        0x0 ./MUART_program.o
 .data          0x00800060        0x0 ./main.o
 .data          0x00800060        0x0 c:/winavr-20100110/bin/../lib/gcc/avr/4.3.3/avr5\libgcc.a(_udivmodsi4.o)
 .data          0x00800060        0x0 c:/winavr-20100110/bin/../lib/gcc/avr/4.3.3/avr5\libgcc.a(_exit.o)
 .data          0x00800060        0x0 c:/winavr-20100110/bin/../lib/gcc/avr/4.3.3/avr5\libgcc.a(_clear_bss.o)
 *(.data*)
 *(.rodata)
 *(.rodata*)
 *(.gnu.linkonce.d*)
                0x00800060                . = ALIGN (0x2)
                0x00800060                _edata = .
                0x00800060                PROVIDE (__data_end, .)

.bss            0x00800060        0x6
                0x00800060                PROVIDE (__bss_start, .)
 *(.bss)
 .bss           0x00800060        0x0 c:/winavr-20100110/bin/../lib/gcc/avr/4.3.3/../../../../avr/lib/avr5/crtm32.o
 .bss           0x00800060        0x0 ./MDIO_program.o
 .bss           0x00800060        0x0 ./MGIE_pogram.o
 .bss           0x00800060        0x0 ./MUART_program.o
 .bss           0x00800060        0x0 ./main.o
 .bss           0x00800060        0x0 c:/winavr-20100110/bin/../lib/gcc/avr/4.3.3/avr5\libgcc.a(_udivmodsi4.o)
 .bss           0x00800060        0x0 c:/winavr-20100110/bin/../lib/gcc/avr/4.3.3/avr5\libgcc.a(_exit.o)
 .bss           0x00800060        0x0 c:/winavr-20100110/bin/../lib/gcc/avr/4.3.3/avr5\libgcc.a(_clear_bss.o)
 *(.bss*)
 .bss.MUART_pvoidfUserFunctionRxC
                0x00800060        0x2 ./MUART_program.o
                0x00800060                MUART_pvoidfUserFunctionRxC
 .bss.MUART_pvoidfUserFunctionTxC
                0x00800062        0x2 ./MUART_program.o
                0x00800062                MUART_pvoidfUserFunctionTxC
 .bss.MUART_pvoidfUserFunctionUDREmpty
                0x00800064        0x2 ./MUART_program.o
                0x00800064                MUART_pvoidfUserFunctionUDREmpty
 *(COMMON)
                0x00800066                PROVIDE (__bss_end, .)
                0x00001114                __data_load_start = LOADADDR (.data)
                0x00001114                __data_load_end = (__data_load_start + SIZEOF (.data))

.noinit         0x00800066        0x0
                0x00800066                PROVIDE (__noinit_start, .)
 *(.noinit*)
                0x00800066                PROVIDE (__noinit_end, .)
                0x00800066                _end = .
                0x00800066                PROVIDE (__heap_start, .)

.eeprom         0x00810000        0x0
 *(.eeprom*)
                0x00810000                __eeprom_end = .

.fuse
 *(.fuse)
 *(.lfuse)
 *(.hfuse)
 *(.efuse)

.lock
 *(.lock*)

.signature
 *(.signature*)

.stab           0x00000000     0x12d8
 *(.stab)
 .stab          0x00000000      0x8a0 ./MDIO_program.o
 .stab          0x000008a0      0x144 ./MGIE_pogram.o
                                0x1d4 (size before relaxing)
 .stab          0x000009e4      0x774 ./MUART_program.o
                                0x804 (size before relaxing)
 .stab          0x00001158      0x180 ./main.o
                                0x210 (size before relaxing)

.stabstr        0x00000000      0x930
 *(.stabstr)
 .stabstr       0x00000000      0x930 ./MDIO_program.o

.stab.excl
 *(.stab.excl)

.stab.exclstr
 *(.stab.exclstr)

.stab.index
 *(.stab.index)

.stab.indexstr
 *(.stab.indexstr)

.comment
 *(.comment)

.debug
 *(.debug)

.line
 *(.line)

.debug_srcinfo
 *(.debug_srcinfo)

.debug_sfnames
 *(.debug_sfnames)

.debug_aranges
 *(.debug_aranges)

.debug_pubnames
 *(.debug_pubnames)

.debug_info
 *(.debug_info)
 *(.gnu.linkonce.wi.*)

.debug_abbrev
 *(.debug_abbrev)

.debug_line
 *(.debug_line)

.debug_frame
 *(.debug_frame)

.debug_str
 *(.debug_str)

.debug_loc
 *(.debug_loc)

.debug_macinfo
 *(.debug_macinfo)
OUTPUT(UART_Driver_Test.elf elf32-avr)
LOAD linker stubs
